stm32f4xx_it.c:75:6:NMI_Handler	4	static
stm32f4xx_it.c:90:6:HardFault_Handler	4	static
stm32f4xx_it.c:105:6:MemManage_Handler	4	static
stm32f4xx_it.c:120:6:BusFault_Handler	4	static
stm32f4xx_it.c:135:6:UsageFault_Handler	4	static
stm32f4xx_it.c:150:6:DebugMon_Handler	4	static
stm32f4xx_it.c:170:6:USART1_IRQHandler	8	static
stm32f4xx_it.c:184:6:TIM8_TRG_COM_TIM14_IRQHandler	8	static
stm32f4xx_it.c:198:6:DMA2_Stream0_IRQHandler	8	static
stm32f4xx_it.c:212:6:DMA2_Stream2_IRQHandler	8	static
stm32f4xx_it.c:226:6:DMA2_Stream7_IRQHandler	8	static
